// Jest Snapshot v1, https://goo.gl/fbAQLP

exports[`SearchBox component should render CartIcon component 1`] = `ShallowWrapper {}`;
